
Discarded input sections

 .text          0x00000000        0x0 ..\obj\main.o
 .data          0x00000000        0x0 ..\obj\main.o
 .bss           0x00000000        0x0 ..\obj\main.o
 .text          0x00000000        0x0 ..\obj\system_stm32f30x_temp.o
 .data          0x00000000       0x14 ..\obj\system_stm32f30x_temp.o
 .bss           0x00000000        0x0 ..\obj\system_stm32f30x_temp.o
 .text.SystemCoreClockUpdate1
                0x00000000       0xe0 ..\obj\system_stm32f30x_temp.o
 .text          0x00000000       0x14 ..\obj\startup_stm32f30x.o
 .data          0x00000000        0x0 ..\obj\startup_stm32f30x.o
 .bss           0x00000000        0x0 ..\obj\startup_stm32f30x.o

Memory Configuration

Name             Origin             Length             Attributes
rom              0x08000000         0x00040000         xr
ram              0x20000000         0x0000a000         xrw
ram1             0x10000000         0x00002000         xrw
*default*        0x00000000         0xffffffff

Linker script and memory map

                0x2000a000                _eram = 0x2000a000

.text           0x08000000      0x4c3
 *(.isr_vector)
 .isr_vector    0x08000000      0x188 ..\obj\startup_stm32f30x.o
                0x08000000                g_pfnVectors
 *(.text*)
 .text.main     0x08000188      0x130 ..\obj\main.o
                0x08000188                main
 .text._delay   0x080002b8       0x20 ..\obj\main.o
                0x080002b8                _delay
 .text._strlen  0x080002d8       0x2e ..\obj\main.o
                0x080002d8                _strlen
 *fill*         0x08000306        0x2 
 .text.SystemInit1
                0x08000308       0x84 ..\obj\system_stm32f30x_temp.o
                0x08000308                SystemInit
                0x08000308                SystemInit1
 .text.SetSysClock1
                0x0800038c       0xe0 ..\obj\system_stm32f30x_temp.o
                0x0800038c                SetSysClock
 .text.Reset_Handler
                0x0800046c       0x44 ..\obj\startup_stm32f30x.o
                0x0800046c                Reset_Handler
 .text.Default_Handler
                0x080004b0        0x2 ..\obj\startup_stm32f30x.o
                0x080004b0                RTC_Alarm_IRQHandler
                0x080004b0                TIM8_TRG_COM_IRQHandler
                0x080004b0                TIM8_CC_IRQHandler
                0x080004b0                DebugMon_Handler
                0x080004b0                TIM1_CC_IRQHandler
                0x080004b0                HardFault_Handler
                0x080004b0                USB_HP_IRQHandler
                0x080004b0                SysTick_Handler
                0x080004b0                PVD_IRQHandler
                0x080004b0                PendSV_Handler
                0x080004b0                NMI_Handler
                0x080004b0                EXTI3_IRQHandler
                0x080004b0                EXTI0_IRQHandler
                0x080004b0                I2C2_EV_IRQHandler
                0x080004b0                FPU_IRQHandler
                0x080004b0                EXTI2_TS_IRQHandler
                0x080004b0                TIM1_UP_TIM16_IRQHandler
                0x080004b0                UsageFault_Handler
                0x080004b0                ADC1_2_IRQHandler
                0x080004b0                SPI1_IRQHandler
                0x080004b0                TIM6_DAC_IRQHandler
                0x080004b0                TIM8_UP_IRQHandler
                0x080004b0                DMA2_Channel2_IRQHandler
                0x080004b0                DMA1_Channel4_IRQHandler
                0x080004b0                USART3_IRQHandler
                0x080004b0                DMA1_Channel7_IRQHandler
                0x080004b0                CAN1_RX1_IRQHandler
                0x080004b0                UART5_IRQHandler
                0x080004b0                ADC3_IRQHandler
                0x080004b0                TIM4_IRQHandler
                0x080004b0                DMA2_Channel1_IRQHandler
                0x080004b0                I2C1_EV_IRQHandler
                0x080004b0                DMA1_Channel6_IRQHandler
                0x080004b0                UART4_IRQHandler
                0x080004b0                DMA2_Channel4_IRQHandler
                0x080004b0                TIM3_IRQHandler
                0x080004b0                RCC_IRQHandler
                0x080004b0                DMA1_Channel1_IRQHandler
                0x080004b0                Default_Handler
                0x080004b0                USBWakeUp_RMP_IRQHandler
                0x080004b0                EXTI15_10_IRQHandler
                0x080004b0                TIM7_IRQHandler
                0x080004b0                EXTI9_5_IRQHandler
                0x080004b0                TAMPER_STAMP_IRQHandler
                0x080004b0                RTC_WKUP_IRQHandler
                0x080004b0                SPI2_IRQHandler
                0x080004b0                MemManage_Handler
                0x080004b0                SVC_Handler
                0x080004b0                DMA2_Channel5_IRQHandler
                0x080004b0                DMA1_Channel5_IRQHandler
                0x080004b0                USB_LP_IRQHandler
                0x080004b0                EXTI4_IRQHandler
                0x080004b0                USB_LP_CAN1_RX0_IRQHandler
                0x080004b0                TIM1_TRG_COM_TIM17_IRQHandler
                0x080004b0                USB_HP_CAN1_TX_IRQHandler
                0x080004b0                DMA1_Channel3_IRQHandler
                0x080004b0                ADC4_IRQHandler
                0x080004b0                WWDG_IRQHandler
                0x080004b0                TIM2_IRQHandler
                0x080004b0                COMP7_IRQHandler
                0x080004b0                COMP1_2_3_IRQHandler
                0x080004b0                EXTI1_IRQHandler
                0x080004b0                USART2_IRQHandler
                0x080004b0                COMP4_5_6_IRQHandler
                0x080004b0                I2C2_ER_IRQHandler
                0x080004b0                DMA1_Channel2_IRQHandler
                0x080004b0                TIM8_BRK_IRQHandler
                0x080004b0                CAN1_SCE_IRQHandler
                0x080004b0                FLASH_IRQHandler
                0x080004b0                BusFault_Handler
                0x080004b0                USART1_IRQHandler
                0x080004b0                SPI3_IRQHandler
                0x080004b0                I2C1_ER_IRQHandler
                0x080004b0                USBWakeUp_IRQHandler
                0x080004b0                DMA2_Channel3_IRQHandler
                0x080004b0                TIM1_BRK_TIM15_IRQHandler
 *(.init)
 *(.fini)
 *crtbegin.o(.ctors)
 *crtbegin?.o(.ctors)
 *(EXCLUDE_FILE(*crtend.o *crtend?.o) .ctors)
 *(SORT_BY_NAME(.ctors.*))
 *(.ctors)
 *crtbegin.o(.dtors)
 *crtbegin?.o(.dtors)
 *(EXCLUDE_FILE(*crtend.o *crtend?.o) .dtors)
 *(SORT_BY_NAME(.dtors.*))
 *(.dtors)
 *(.rodata*)
 *fill*         0x080004b2        0x2 
 .rodata        0x080004b4        0xf ..\obj\main.o
 *(.eh_fram e*)

.glue_7         0x080004c4        0x0
 .glue_7        0x080004c4        0x0 linker stubs

.glue_7t        0x080004c4        0x0
 .glue_7t       0x080004c4        0x0 linker stubs

.vfp11_veneer   0x080004c4        0x0
 .vfp11_veneer  0x080004c4        0x0 linker stubs

.v4_bx          0x080004c4        0x0
 .v4_bx         0x080004c4        0x0 linker stubs

.iplt           0x080004c4        0x0
 .iplt          0x080004c4        0x0 ..\obj\main.o

.rel.dyn        0x080004c4        0x0
 .rel.iplt      0x080004c4        0x0 ..\obj\main.o

.ARM.extab
 *(.ARM.extab* .gnu.linkonce.armextab.*)
                0x080004c3                __exidx_start = .

.ARM.exidx
 *(.ARM.exidx* .gnu.linkonce.armexidx.*)
                0x080004c3                __exidx_end = .
                0x080004c3                __etext = .
                0x080004c3                _sidata = __etext

.data           0x20000000        0x0 load address 0x080004c3
                0x20000000                __data_start__ = .
                0x20000000                _sdata = __data_start__
 *(vtable)
 *(.data*)
                0x20000000                . = ALIGN (0x4)
                [!provide]                PROVIDE (__preinit_array_start = .)
 *(.preinit_array)
                [!provide]                PROVIDE (__preinit_array_end = .)
                0x20000000                . = ALIGN (0x4)
                [!provide]                PROVIDE (__init_array_start = .)
 *(SORT_BY_NAME(.init_array.*))
 *(.init_array)
                [!provide]                PROVIDE (__init_array_end = .)
                0x20000000                . = ALIGN (0x4)
                [!provide]                PROVIDE (__fini_array_start = .)
 *(SORT_BY_NAME(.fini_array.*))
 *(.fini_array)
                [!provide]                PROVIDE (__fini_array_end = .)
 *(.jcr*)
                0x20000000                . = ALIGN (0x4)
                0x20000000                __data_end__ = .
                0x20000000                _edata = __data_end__

.igot.plt       0x20000000        0x0
 .igot.plt      0x20000000        0x0 ..\obj\main.o

.bss            0x20000000        0x0
                0x20000000                . = ALIGN (0x4)
                0x20000000                __bss_start__ = .
                0x20000000                _sbss = __bss_start__
 *(.bss*)
 *(COMMON)
                0x20000000                . = ALIGN (0x4)
                0x20000000                __bss_end__ = .
                0x20000000                _ebss = __bss_end__

.heap           0x20000000        0x0
                0x20000000                __end__ = .
                0x20000000                _end = __end__
                0x20000000                end = __end__
 *(.heap*)
                0x20000000                __HeapLimit = .

.co_stack       0x20000000        0x0
                0x20000000                . = ALIGN (0x8)
 *(.co_stack .co_stack.*)
                0x2000a000                __StackTop = (ORIGIN (ram) + LENGTH (ram))
                0x2000a000                __StackLimit = (__StackTop - SIZEOF (.co_stack))
                [!provide]                PROVIDE (__stack = __StackTop)
                0x00000001                ASSERT ((__StackLimit >= __HeapLimit), region ram  overflowed with stack)
LOAD ..\obj\main.o
LOAD ..\obj\system_stm32f30x_temp.o
LOAD ..\obj\startup_stm32f30x.o
START GROUP
LOAD e:/github/soft-stm32/stm32f303/gcc-arm-none-eabi-10.3-2021.10-win32/gcc-arm-none-eabi-10.3-2021.10/bin/../lib/gcc/arm-none-eabi/10.3.1/thumb/v7e-m/nofp\libgcc.a
LOAD e:/github/soft-stm32/stm32f303/gcc-arm-none-eabi-10.3-2021.10-win32/gcc-arm-none-eabi-10.3-2021.10/bin/../lib/gcc/arm-none-eabi/10.3.1/../../../../arm-none-eabi/lib/thumb/v7e-m/nofp\libg.a
LOAD e:/github/soft-stm32/stm32f303/gcc-arm-none-eabi-10.3-2021.10-win32/gcc-arm-none-eabi-10.3-2021.10/bin/../lib/gcc/arm-none-eabi/10.3.1/../../../../arm-none-eabi/lib/thumb/v7e-m/nofp\libc.a
END GROUP
OUTPUT(colesson005.elf elf32-littlearm)
LOAD linker stubs

.debug_info     0x00000000      0x602
 .debug_info    0x00000000      0x109 ..\obj\main.o
 .debug_info    0x00000109      0x4d7 ..\obj\system_stm32f30x_temp.o
 .debug_info    0x000005e0       0x22 ..\obj\startup_stm32f30x.o

.debug_abbrev   0x00000000      0x266
 .debug_abbrev  0x00000000       0xe0 ..\obj\main.o
 .debug_abbrev  0x000000e0      0x174 ..\obj\system_stm32f30x_temp.o
 .debug_abbrev  0x00000254       0x12 ..\obj\startup_stm32f30x.o

.debug_aranges  0x00000000       0x88
 .debug_aranges
                0x00000000       0x30 ..\obj\main.o
 .debug_aranges
                0x00000030       0x30 ..\obj\system_stm32f30x_temp.o
 .debug_aranges
                0x00000060       0x28 ..\obj\startup_stm32f30x.o

.debug_ranges   0x00000000       0x60
 .debug_ranges  0x00000000       0x20 ..\obj\main.o
 .debug_ranges  0x00000020       0x20 ..\obj\system_stm32f30x_temp.o
 .debug_ranges  0x00000040       0x20 ..\obj\startup_stm32f30x.o

.debug_line     0x00000000      0x521
 .debug_line    0x00000000      0x13b ..\obj\main.o
 .debug_line    0x0000013b      0x341 ..\obj\system_stm32f30x_temp.o
 .debug_line    0x0000047c       0xa5 ..\obj\startup_stm32f30x.o

.debug_str      0x00000000      0x36a
 .debug_str     0x00000000      0x108 ..\obj\main.o
                                0x13d (size before relaxing)
 .debug_str     0x00000108      0x20a ..\obj\system_stm32f30x_temp.o
                                0x31a (size before relaxing)
 .debug_str     0x00000312       0x58 ..\obj\startup_stm32f30x.o
                                 0x91 (size before relaxing)

.comment        0x00000000       0x49
 .comment       0x00000000       0x49 ..\obj\main.o
                                 0x4a (size before relaxing)
 .comment       0x00000049       0x4a ..\obj\system_stm32f30x_temp.o

.ARM.attributes
                0x00000000       0x2c
 .ARM.attributes
                0x00000000       0x2e ..\obj\main.o
 .ARM.attributes
                0x0000002e       0x2e ..\obj\system_stm32f30x_temp.o
 .ARM.attributes
                0x0000005c       0x21 ..\obj\startup_stm32f30x.o

.debug_frame    0x00000000       0xf8
 .debug_frame   0x00000000       0x7c ..\obj\main.o
 .debug_frame   0x0000007c       0x7c ..\obj\system_stm32f30x_temp.o
